11.17.0

added 2 packages in 3s
{
  "shasum": "930965937379f43d054be35cf5ac7dada3511ae4",
  "tarball": "https://registry.npmjs.org/@alberteinshutoin/lazy-image/-/lazy-image-1.4.3.tgz",
  "fileCount": 15,
  "integrity": "sha512-KgMuYsItSOkUhW+6YIJClmE+ttQXZPE2JKUCcdrbp4BlcYtYbSGJnardzSGVFSXopWH+K//R+23eS5zuYsvLFw==",
  "signatures": [
    {
      "sig": "MEQCICtTPtXU+IR5sZgoYPWR9plvmgot4ypOLSNwybHQVvkJAiBhzu7ZPkKIDBWdueXXZOzQeTNogI0rLSJw2Vazb4XttQ==",
      "keyid": "SHA256:DhQ8wR5APBvFHLF/+Tc+AYvPOdTpcIDqOhxsBHRwC7U"
    },
    {
      "keyid": "SHA256:DhQ8wR5APBvFHLF/+Tc+AYvPOdTpcIDqOhxsBHRwC7U",
      "sig": "MEUCIDy1bLgvTaoBID2T7ir5PwHsxOxvyKkjm65/dKkJB1t2AiEAsGTNi8AdbERqPvip5P3ib59x1FH708qR/aM7p9Yq2gI="
    }
  ],
  "attestations": {
    "url": "https://registry.npmjs.org/-/npm/v1/attestations/@alberteinshutoin%2flazy-image@1.4.3",
    "provenance": {
      "predicateType": "https://slsa.dev/provenance/v1"
    }
  },
  "unpackedSize": 231385
}
{
  "shasum": "6017f11c173ddb292b8ac4cd1a467f1f137371b7",
  "tarball": "https://registry.npmjs.org/@alberteinshutoin/lazy-image-darwin-x64/-/lazy-image-darwin-x64-1.4.3.tgz",
  "fileCount": 2,
  "integrity": "sha512-D3/8fHJLASRL8NzOfAKWOyK5o25cqv0egiGwsaJhaMA/0cG0lvq7yEDNIM0aYqSf3Wj0EvjPoVhyfEIDCvhIYA==",
  "signatures": [
    {
      "sig": "MEQCICfrizSKGFtjITUWmbXRAtgu5CPM/QAmgZtqLzB6FB1iAiB3IoWF1oIC+RbpEnT2mNhjZ5Kdawj1BIiI6k0b+UjOLw==",
      "keyid": "SHA256:DhQ8wR5APBvFHLF/+Tc+AYvPOdTpcIDqOhxsBHRwC7U"
    },
    {
      "keyid": "SHA256:DhQ8wR5APBvFHLF/+Tc+AYvPOdTpcIDqOhxsBHRwC7U",
      "sig": "MEQCIE8vU6ZsCeG3q6ODxoDL1HYrw9e37YVpt7nlVFI8OWoIAiBR9AoKZil2AbzA2zPgCpiyKGeQAPlgaWJ6yjrOl/5AIA=="
    }
  ],
  "attestations": {
    "url": "https://registry.npmjs.org/-/npm/v1/attestations/@alberteinshutoin%2flazy-image-darwin-x64@1.4.3",
    "provenance": {
      "predicateType": "https://slsa.dev/provenance/v1"
    }
  },
  "unpackedSize": 12211868
}
{"schemaVersion":1,"compiler":{"name":"@alberteinshutoin/lazy-image","version":"1.4.3","platform":"darwin","arch":"x64","fingerprint":"99d82c42803d21207e0f16a148a770b3ded969dbd277a208b758b2f9e2bafb29"},"policy":{"preset":"publicUpload","fingerprint":"7db6a8f434e6d7a3ddf10581f9ae7b664b78b2a5d0b9cf27d67b3631b7e7c9f8","widths":[320,640],"formats":["webp"],"placeholder":false},"source":{"sha256":"6dd5004e9cecaaff5a9b315410b0762c4b27b495379f198bfbbfa496464b6f90","bytes":100055,"detectedFormat":"jpeg","encodedWidth":1057,"encodedHeight":1057,"displayWidth":1057,"displayHeight":1057,"hasAlpha":false,"orientation":null,"orientationApplied":false},"metadata":{"mode":"privacySafe","exif":"stripped","gps":"stripped","xmp":"stripped","comments":"stripped","unknownAncillary":"stripped","artifactIccPolicy":"preserve-if-safe","placeholderIccPolicy":"strip"},"artifacts":[{"id":"320/webp","path":"image-320.webp","format":"webp","width":320,"height":320,"bytes":12746,"quality":80,"iccOutcome":"absent","sha256":"44bcba6e698bc2bd0c3b93e2a43cbe66561ed900031d7caed24a1cdc2af80c1e"},{"id":"640/webp","path":"image-640.webp","format":"webp","width":640,"height":640,"bytes":35890,"quality":80,"iccOutcome":"absent","sha256":"01e51d72c685e64dc3d2d4c9969551a7ae059d609c4836a7a91e5bac86971e4c"}],"delivery":{"srcsets":[{"format":"webp","value":"image-320.webp 320w, image-640.webp 640w"}]},"cacheKey":"679005fdc00be3208cee39f4e6dc1dc0f4065bb97ce5d235aa8884a7798041c4"}
registry-native-smoke: PASS darwin-x64 v24.19.0
