10.9.8
npm error code ETARGET
npm error notarget No matching version found for @alberteinshutoin/lazy-image@1.4.1.
npm error notarget In most cases you or one of your dependencies are requesting
npm error notarget a package version that doesn't exist.
npm error A complete log of this run can be found in: /home/runner/.npm/_logs/2026-09-26T15_42_34_244Z-debug-0.log
Error: npm exited 1: npm error code ETARGET
npm error notarget No matching version found for @alberteinshutoin/lazy-image@1.4.1.
npm error notarget In most cases you or one of your dependencies are requesting
npm error notarget a package version that doesn't exist.
npm error A complete log of this run can be found in: /home/runner/.npm/_logs/2026-09-26T15_42_34_244Z-debug-0.log

    at run (/home/runner/work/lazy-image/lazy-image/scripts/registry-native-smoke.cjs:56:11)
    at main (/home/runner/work/lazy-image/lazy-image/scripts/registry-native-smoke.cjs:126:5)
    at Object.<anonymous> (/home/runner/work/lazy-image/lazy-image/scripts/registry-native-smoke.cjs:185:1)
    at Module._compile (node:internal/modules/cjs/loader:1781:14)
    at Object..js (node:internal/modules/cjs/loader:1913:10)
    at Module.load (node:internal/modules/cjs/loader:1505:32)
    at Function._load (node:internal/modules/cjs/loader:1309:12)
    at wrapModuleLoad (node:internal/modules/cjs/loader:254:19)
    at Function.executeUserEntryPoint [as runMain] (node:internal/modules/run_main:171:5)
    at node:internal/main/run_main_module:36:49
registry-native-smoke: FAIL linux-arm64-gnu v22.23.2
