Unable to find image 'node:24-alpine' locally
24-alpine: Pulling from library/node
e2de96513ba9: Already exists
3c504d5a797b: Pulling fs layer
02f40d53b06f: Pulling fs layer
7ce7dcbafb7f: Pulling fs layer
7ce7dcbafb7f: Verifying Checksum
7ce7dcbafb7f: Download complete
02f40d53b06f: Verifying Checksum
02f40d53b06f: Download complete
3c504d5a797b: Verifying Checksum
3c504d5a797b: Download complete
3c504d5a797b: Pull complete
02f40d53b06f: Pull complete
7ce7dcbafb7f: Pull complete
Digest: sha256:ebfe2f90462722a7a4de65e91990e97fe0d401c70e0e762c5b53302f905ec1c1
Status: Downloaded newer image for node:24-alpine
11.19.0
npm notice
npm notice New major version of npm available! 11.19.0 -> 12.2.0
npm notice Changelog: https://github.com/npm/cli/releases/tag/v12.2.0
npm notice To update run: npm install -g npm@12.2.0
npm notice

added 2 packages in 1s
{
  "shasum": "930965937379f43d054be35cf5ac7dada3511ae4",
  "tarball": "https://registry.npmjs.org/@alberteinshutoin/lazy-image/-/lazy-image-1.4.3.tgz",
  "fileCount": 15,
  "integrity": "sha512-KgMuYsItSOkUhW+6YIJClmE+ttQXZPE2JKUCcdrbp4BlcYtYbSGJnardzSGVFSXopWH+K//R+23eS5zuYsvLFw==",
  "signatures": [
    {
      "sig": "MEQCICtTPtXU+IR5sZgoYPWR9plvmgot4ypOLSNwybHQVvkJAiBhzu7ZPkKIDBWdueXXZOzQeTNogI0rLSJw2Vazb4XttQ==",
      "keyid": "SHA256:DhQ8wR5APBvFHLF/+Tc+AYvPOdTpcIDqOhxsBHRwC7U"
    },
    {
      "keyid": "SHA256:DhQ8wR5APBvFHLF/+Tc+AYvPOdTpcIDqOhxsBHRwC7U",
      "sig": "MEUCIDy1bLgvTaoBID2T7ir5PwHsxOxvyKkjm65/dKkJB1t2AiEAsGTNi8AdbERqPvip5P3ib59x1FH708qR/aM7p9Yq2gI="
    }
  ],
  "attestations": {
    "url": "https://registry.npmjs.org/-/npm/v1/attestations/@alberteinshutoin%2flazy-image@1.4.3",
    "provenance": {
      "predicateType": "https://slsa.dev/provenance/v1"
    }
  },
  "unpackedSize": 231385
}
{
  "shasum": "0612b7147df4a907574bec0138f7aff3f4a10203",
  "tarball": "https://registry.npmjs.org/@alberteinshutoin/lazy-image-linux-x64-musl/-/lazy-image-linux-x64-musl-1.4.3.tgz",
  "fileCount": 2,
  "integrity": "sha512-sq6juqB6v3g56G4Ycxh4aFUOrm+3KmQ/NdyFBxd0fmFfcMWQNBt4kKCH1dCoK28S4bYuLs259c8Di0aXdm7IiQ==",
  "signatures": [
    {
      "sig": "MEYCIQC5zEqbIDXJap1FC3/TjCH5vhevrtqk03jV64wbPR74bAIhAIh4R4YsOJ1uEavpeyvlouHfZ231vip3o607Ptsw94g8",
      "keyid": "SHA256:DhQ8wR5APBvFHLF/+Tc+AYvPOdTpcIDqOhxsBHRwC7U"
    },
    {
      "keyid": "SHA256:DhQ8wR5APBvFHLF/+Tc+AYvPOdTpcIDqOhxsBHRwC7U",
      "sig": "MEYCIQD63oEdWU4JuXa30wnS1dpNdQPAB/XwBUAZDUd5SIm2MQIhAOgZlLiB9ziEMPwCs7oXEjmZHA2qPiGOWrwMdY1R7p/Z"
    }
  ],
  "attestations": {
    "url": "https://registry.npmjs.org/-/npm/v1/attestations/@alberteinshutoin%2flazy-image-linux-x64-musl@1.4.3",
    "provenance": {
      "predicateType": "https://slsa.dev/provenance/v1"
    }
  },
  "unpackedSize": 13237979
}
{"schemaVersion":1,"compiler":{"name":"@alberteinshutoin/lazy-image","version":"1.4.3","platform":"linux","arch":"x64","fingerprint":"fea57b34c4a70979acf4fc93ed327cf865eadd341109882ffe2b3ee9abf4ff65"},"policy":{"preset":"publicUpload","fingerprint":"7db6a8f434e6d7a3ddf10581f9ae7b664b78b2a5d0b9cf27d67b3631b7e7c9f8","widths":[320,640],"formats":["webp"],"placeholder":false},"source":{"sha256":"6dd5004e9cecaaff5a9b315410b0762c4b27b495379f198bfbbfa496464b6f90","bytes":100055,"detectedFormat":"jpeg","encodedWidth":1057,"encodedHeight":1057,"displayWidth":1057,"displayHeight":1057,"hasAlpha":false,"orientation":null,"orientationApplied":false},"metadata":{"mode":"privacySafe","exif":"stripped","gps":"stripped","xmp":"stripped","comments":"stripped","unknownAncillary":"stripped","artifactIccPolicy":"preserve-if-safe","placeholderIccPolicy":"strip"},"artifacts":[{"id":"320/webp","path":"image-320.webp","format":"webp","width":320,"height":320,"bytes":12746,"quality":80,"iccOutcome":"absent","sha256":"44bcba6e698bc2bd0c3b93e2a43cbe66561ed900031d7caed24a1cdc2af80c1e"},{"id":"640/webp","path":"image-640.webp","format":"webp","width":640,"height":640,"bytes":35890,"quality":80,"iccOutcome":"absent","sha256":"01e51d72c685e64dc3d2d4c9969551a7ae059d609c4836a7a91e5bac86971e4c"}],"delivery":{"srcsets":[{"format":"webp","value":"image-320.webp 320w, image-640.webp 640w"}]},"cacheKey":"bf4f227c257c557133a4ca032aabdf5a9994601c3e698d72dff5d0e88f75107d"}
registry-native-smoke: PASS linux-x64-musl v24.21.0
