Unable to find image 'node:22-alpine' locally
22-alpine: Pulling from library/node
e2de96513ba9: Already exists
f7f2d304681a: Pulling fs layer
e554276b05e6: Pulling fs layer
d39db1cf9caa: Pulling fs layer
d39db1cf9caa: Verifying Checksum
d39db1cf9caa: Download complete
e554276b05e6: Verifying Checksum
e554276b05e6: Download complete
f7f2d304681a: Verifying Checksum
f7f2d304681a: Download complete
f7f2d304681a: Pull complete
e554276b05e6: Pull complete
d39db1cf9caa: Pull complete
Digest: sha256:0a7108bf6c7bf5de370ffb1a3ed6be93d405b43ff159f681a8d18c0e2bc2e402
Status: Downloaded newer image for node:22-alpine
10.9.9

added 2 packages in 846ms
npm notice
npm notice New major version of npm available! 10.9.9 -> 12.2.0
npm notice Changelog: https://github.com/npm/cli/releases/tag/v12.2.0
npm notice To update run: npm install -g npm@12.2.0
npm notice
{"schemaVersion":1,"compiler":{"name":"@alberteinshutoin/lazy-image","version":"1.4.3","platform":"linux","arch":"x64","fingerprint":"c4d8e2fe7e3d963fdcfca3c611936cec42353a3b5a8053f877977af25ceba9de"},"policy":{"preset":"publicUpload","fingerprint":"7db6a8f434e6d7a3ddf10581f9ae7b664b78b2a5d0b9cf27d67b3631b7e7c9f8","widths":[320,640],"formats":["webp"],"placeholder":false},"source":{"sha256":"6dd5004e9cecaaff5a9b315410b0762c4b27b495379f198bfbbfa496464b6f90","bytes":100055,"detectedFormat":"jpeg","encodedWidth":1057,"encodedHeight":1057,"displayWidth":1057,"displayHeight":1057,"hasAlpha":false,"orientation":null,"orientationApplied":false},"metadata":{"mode":"privacySafe","exif":"stripped","gps":"stripped","xmp":"stripped","comments":"stripped","unknownAncillary":"stripped","artifactIccPolicy":"preserve-if-safe","placeholderIccPolicy":"strip"},"artifacts":[{"id":"320/webp","path":"image-320.webp","format":"webp","width":320,"height":320,"bytes":12746,"quality":80,"iccOutcome":"absent","sha256":"44bcba6e698bc2bd0c3b93e2a43cbe66561ed900031d7caed24a1cdc2af80c1e"},{"id":"640/webp","path":"image-640.webp","format":"webp","width":640,"height":640,"bytes":35890,"quality":80,"iccOutcome":"absent","sha256":"01e51d72c685e64dc3d2d4c9969551a7ae059d609c4836a7a91e5bac86971e4c"}],"delivery":{"srcsets":[{"format":"webp","value":"image-320.webp 320w, image-640.webp 640w"}]},"cacheKey":"d8b59abb18876c11c200694c7844808f0c3cf858f5de09bcc27334d7e0e4752c"}
registry-native-smoke: PASS linux-x64-musl v22.23.3
