10.9.9

added 2 packages in 1s
{
  "shasum": "14d38d58b28bbb7177b42671568cbffb7e4d3618",
  "tarball": "https://registry.npmjs.org/@alberteinshutoin/lazy-image/-/lazy-image-1.4.2.tgz",
  "fileCount": 15,
  "integrity": "sha512-dAG+fGrSPw9rgik6UpQmbeUhyamqcepzrIc2Ys5Xsx3riV4oguwfROUPnvOPBrom45jT1xfc1GlL6Cw9VA2Tvg==",
  "signatures": [
    {
      "sig": "MEQCIB9gk0twEqKoJ5d11adtOEPHfNY/LEpH7INPuqDizlQrAiBjnUnULyoAD6vux3T9/QWoL1Ja1ETUvGH56j0bATarCA==",
      "keyid": "SHA256:DhQ8wR5APBvFHLF/+Tc+AYvPOdTpcIDqOhxsBHRwC7U"
    },
    {
      "keyid": "SHA256:DhQ8wR5APBvFHLF/+Tc+AYvPOdTpcIDqOhxsBHRwC7U",
      "sig": "MEQCIDTn0/NGg2v+IN9lsrlSTnEV5eN3JhGeydRw15HojPQqAiA1FV/ddJt9Cr/C6S1HphobixAxrsY9eskXAGy15ipalg=="
    }
  ],
  "attestations": {
    "url": "https://registry.npmjs.org/-/npm/v1/attestations/@alberteinshutoin%2flazy-image@1.4.2",
    "provenance": {
      "predicateType": "https://slsa.dev/provenance/v1"
    }
  },
  "unpackedSize": 229896
}
{
  "shasum": "7ff6c4ca8cc28230e725a88bfe9a98187f23a7ef",
  "tarball": "https://registry.npmjs.org/@alberteinshutoin/lazy-image-linux-x64-gnu/-/lazy-image-linux-x64-gnu-1.4.2.tgz",
  "fileCount": 2,
  "integrity": "sha512-YIGT8IrbyHynEjh8a4qzr1Zhw+i4eNtK6tQsG+97TFkGNfTL4maj5utC+lpcYfbFJnRJ8WSASx0B1bXyTE+B+A==",
  "signatures": [
    {
      "sig": "MEQCIHN6ct6qfxRXKHVlSFFNCNA1QlToOxYjtE5XapxQST4GAiBxWHwp0t5QEpHYOvXQ9ya1SWJggF3LBXiIlXwcS5XRFA==",
      "keyid": "SHA256:DhQ8wR5APBvFHLF/+Tc+AYvPOdTpcIDqOhxsBHRwC7U"
    },
    {
      "keyid": "SHA256:DhQ8wR5APBvFHLF/+Tc+AYvPOdTpcIDqOhxsBHRwC7U",
      "sig": "MEQCIFzC76X0uShOEeWUoz1ThZbLbEgUYyuFyviS/kLksjI4AiB9YAAAaKnNQjwRnl+cYHw3z2JZoz4wpW6eys2Inil65Q=="
    }
  ],
  "attestations": {
    "url": "https://registry.npmjs.org/-/npm/v1/attestations/@alberteinshutoin%2flazy-image-linux-x64-gnu@1.4.2",
    "provenance": {
      "predicateType": "https://slsa.dev/provenance/v1"
    }
  },
  "unpackedSize": 13147897
}
{"schemaVersion":1,"compiler":{"name":"@alberteinshutoin/lazy-image","version":"1.4.2","platform":"linux","arch":"x64","fingerprint":"eb3667c3e36bbdf049970e79edbed1018af7b6b4654441ab76b54d397053bae3"},"policy":{"preset":"publicUpload","fingerprint":"7db6a8f434e6d7a3ddf10581f9ae7b664b78b2a5d0b9cf27d67b3631b7e7c9f8","widths":[320,640],"formats":["webp"],"placeholder":false},"source":{"sha256":"6dd5004e9cecaaff5a9b315410b0762c4b27b495379f198bfbbfa496464b6f90","bytes":100055,"detectedFormat":"jpeg","encodedWidth":1057,"encodedHeight":1057,"displayWidth":1057,"displayHeight":1057,"hasAlpha":false,"orientation":null,"orientationApplied":false},"metadata":{"mode":"privacySafe","exif":"stripped","gps":"stripped","xmp":"stripped","comments":"stripped","unknownAncillary":"stripped","artifactIccPolicy":"preserve-if-safe","placeholderIccPolicy":"strip"},"artifacts":[{"id":"320/webp","path":"image-320.webp","format":"webp","width":320,"height":320,"bytes":12746,"quality":80,"iccOutcome":"absent","sha256":"44bcba6e698bc2bd0c3b93e2a43cbe66561ed900031d7caed24a1cdc2af80c1e"},{"id":"640/webp","path":"image-640.webp","format":"webp","width":640,"height":640,"bytes":35890,"quality":80,"iccOutcome":"absent","sha256":"01e51d72c685e64dc3d2d4c9969551a7ae059d609c4836a7a91e5bac86971e4c"}],"delivery":{"srcsets":[{"format":"webp","value":"image-320.webp 320w, image-640.webp 640w"}]},"cacheKey":"9754b485b7e409cca13382e8054ee9159702a54c9364c97baf8b8f2e2ec7e95f"}
registry-native-smoke: PASS linux-x64-gnu v22.23.3
