10.9.8

added 2 packages in 1s
{
  "shasum": "930965937379f43d054be35cf5ac7dada3511ae4",
  "tarball": "https://registry.npmjs.org/@alberteinshutoin/lazy-image/-/lazy-image-1.4.3.tgz",
  "fileCount": 15,
  "integrity": "sha512-KgMuYsItSOkUhW+6YIJClmE+ttQXZPE2JKUCcdrbp4BlcYtYbSGJnardzSGVFSXopWH+K//R+23eS5zuYsvLFw==",
  "signatures": [
    {
      "sig": "MEQCICtTPtXU+IR5sZgoYPWR9plvmgot4ypOLSNwybHQVvkJAiBhzu7ZPkKIDBWdueXXZOzQeTNogI0rLSJw2Vazb4XttQ==",
      "keyid": "SHA256:DhQ8wR5APBvFHLF/+Tc+AYvPOdTpcIDqOhxsBHRwC7U"
    },
    {
      "keyid": "SHA256:DhQ8wR5APBvFHLF/+Tc+AYvPOdTpcIDqOhxsBHRwC7U",
      "sig": "MEUCIDy1bLgvTaoBID2T7ir5PwHsxOxvyKkjm65/dKkJB1t2AiEAsGTNi8AdbERqPvip5P3ib59x1FH708qR/aM7p9Yq2gI="
    }
  ],
  "attestations": {
    "url": "https://registry.npmjs.org/-/npm/v1/attestations/@alberteinshutoin%2flazy-image@1.4.3",
    "provenance": {
      "predicateType": "https://slsa.dev/provenance/v1"
    }
  },
  "unpackedSize": 231385
}
{
  "shasum": "0fb60bce03121a173c367a63100fec61a631f407",
  "tarball": "https://registry.npmjs.org/@alberteinshutoin/lazy-image-darwin-arm64/-/lazy-image-darwin-arm64-1.4.3.tgz",
  "fileCount": 2,
  "integrity": "sha512-UxlHaSq9eczHzeJHWO8OU4CI1rz/DDJ5eXtlxA0Zg/Dc5hwDzZvejG8gvyjBJLqrBcninH56+uC1cpmSXiVIjA==",
  "signatures": [
    {
      "sig": "MEUCIGwfdeOI4hn+nlJyGx4GatJUW76844+veUDMFXaNvT1vAiEAk38yFMTEjpBZ+1PYX8sdxMMiZBIEsRlPD0syout7tG4=",
      "keyid": "SHA256:DhQ8wR5APBvFHLF/+Tc+AYvPOdTpcIDqOhxsBHRwC7U"
    },
    {
      "keyid": "SHA256:DhQ8wR5APBvFHLF/+Tc+AYvPOdTpcIDqOhxsBHRwC7U",
      "sig": "MEQCIBevxS0UMhkUdddV38o4xEe+1W8VOz6J6/d4ejplMjYaAiAJq4Dz4FuMEuSZsb2NZl7gj+CzyjLFL69M194wkxj4qg=="
    }
  ],
  "attestations": {
    "url": "https://registry.npmjs.org/-/npm/v1/attestations/@alberteinshutoin%2flazy-image-darwin-arm64@1.4.3",
    "provenance": {
      "predicateType": "https://slsa.dev/provenance/v1"
    }
  },
  "unpackedSize": 8080500
}
{"schemaVersion":1,"compiler":{"name":"@alberteinshutoin/lazy-image","version":"1.4.3","platform":"darwin","arch":"arm64","fingerprint":"0638f88685477297d64df8d80cdc2b46d80bd656cdcc631744f006518c74722b"},"policy":{"preset":"publicUpload","fingerprint":"7db6a8f434e6d7a3ddf10581f9ae7b664b78b2a5d0b9cf27d67b3631b7e7c9f8","widths":[320,640],"formats":["webp"],"placeholder":false},"source":{"sha256":"6dd5004e9cecaaff5a9b315410b0762c4b27b495379f198bfbbfa496464b6f90","bytes":100055,"detectedFormat":"jpeg","encodedWidth":1057,"encodedHeight":1057,"displayWidth":1057,"displayHeight":1057,"hasAlpha":false,"orientation":null,"orientationApplied":false},"metadata":{"mode":"privacySafe","exif":"stripped","gps":"stripped","xmp":"stripped","comments":"stripped","unknownAncillary":"stripped","artifactIccPolicy":"preserve-if-safe","placeholderIccPolicy":"strip"},"artifacts":[{"id":"320/webp","path":"image-320.webp","format":"webp","width":320,"height":320,"bytes":12746,"quality":80,"iccOutcome":"absent","sha256":"44bcba6e698bc2bd0c3b93e2a43cbe66561ed900031d7caed24a1cdc2af80c1e"},{"id":"640/webp","path":"image-640.webp","format":"webp","width":640,"height":640,"bytes":35890,"quality":80,"iccOutcome":"absent","sha256":"01e51d72c685e64dc3d2d4c9969551a7ae059d609c4836a7a91e5bac86971e4c"}],"delivery":{"srcsets":[{"format":"webp","value":"image-320.webp 320w, image-640.webp 640w"}]},"cacheKey":"7ed1e6288afd36b96ff1de739076b16b385580cb93c7e47e41a41cedaa8075f8"}
registry-native-smoke: PASS darwin-arm64 v22.23.2
