11.19.0

added 2 packages in 2s
{
  "shasum": "3ef5c99c92954339786a3dddc8e27a644df28888",
  "tarball": "https://registry.npmjs.org/@alberteinshutoin/lazy-image/-/lazy-image-1.4.1.tgz",
  "fileCount": 15,
  "integrity": "sha512-T7g4MRgf/+C5EJNVH5McJrat9TSbVU9q5UHngUgANdj5gUx0VC46htJuQ6N1yidpG/bYsyIvlcv3wRXhPG8p3g==",
  "signatures": [
    {
      "sig": "MEQCIAlJtjuXN2aUhwILTbCZKRmf3KcQY+eyLOrs6FRibQr2AiBAX7UWalo7IZkf2ITrxJsm2mLJbShejm6tx4moaGMVKg==",
      "keyid": "SHA256:DhQ8wR5APBvFHLF/+Tc+AYvPOdTpcIDqOhxsBHRwC7U"
    },
    {
      "keyid": "SHA256:DhQ8wR5APBvFHLF/+Tc+AYvPOdTpcIDqOhxsBHRwC7U",
      "sig": "MEQCIFDU++OWGF11H9UND10h7LbwTN0a6n10crgVqroLqr+bAiA/3nKhba+GXhVoSFuzK5CuJvVXASRBH8uvnOglaF9+iA=="
    }
  ],
  "attestations": {
    "url": "https://registry.npmjs.org/-/npm/v1/attestations/@alberteinshutoin%2flazy-image@1.4.1",
    "provenance": {
      "predicateType": "https://slsa.dev/provenance/v1"
    }
  },
  "unpackedSize": 224141
}
{
  "shasum": "26b956e2cb532ee46dac8305bb1899fa8869fff5",
  "tarball": "https://registry.npmjs.org/@alberteinshutoin/lazy-image-win32-x64-msvc/-/lazy-image-win32-x64-msvc-1.4.1.tgz",
  "fileCount": 2,
  "integrity": "sha512-mr3GYA55Ske3a4QcWFXL3kwMamx8DOXS70TDUv3kH0g4bcXGP2aC2zMT5lCMYokeweYMxg4hD3b3tmziYlbBvg==",
  "signatures": [
    {
      "sig": "MEUCIFT/TIbvAF+h/wAAeDDGrNyGgDLbapZwq7wN65RNHhggAiEA+F3EwDvAvbrMaT1JYJd2q3dkrnfnaOhNiech1O1IgyA=",
      "keyid": "SHA256:DhQ8wR5APBvFHLF/+Tc+AYvPOdTpcIDqOhxsBHRwC7U"
    },
    {
      "keyid": "SHA256:DhQ8wR5APBvFHLF/+Tc+AYvPOdTpcIDqOhxsBHRwC7U",
      "sig": "MEUCIBPODoI8X79/JiZ4lMOKWUcKs8aSu/efzOxqB6s/bxYoAiEA/r0OfZskjXFeYnpVRjEJKj7DIipL78sZFKvV0zRhaQo="
    }
  ],
  "attestations": {
    "url": "https://registry.npmjs.org/-/npm/v1/attestations/@alberteinshutoin%2flazy-image-win32-x64-msvc@1.4.1",
    "provenance": {
      "predicateType": "https://slsa.dev/provenance/v1"
    }
  },
  "unpackedSize": 13125255
}
(node:5912) [DEP0190] DeprecationWarning: Passing args to a child process with shell option true can lead to security vulnerabilities, as the arguments are not escaped, only concatenated.
(Use `node --trace-deprecation ...` to show where the warning was created)
{"schemaVersion":1,"compiler":{"name":"@alberteinshutoin/lazy-image","version":"1.4.1","platform":"win32","arch":"x64","fingerprint":"f7443368f6b718dbb79f36b254d3846b00aba7851f9943f4f8ba427f7af049fd"},"policy":{"preset":"publicUpload","fingerprint":"7db6a8f434e6d7a3ddf10581f9ae7b664b78b2a5d0b9cf27d67b3631b7e7c9f8","widths":[320,640],"formats":["webp"],"placeholder":false},"source":{"sha256":"6dd5004e9cecaaff5a9b315410b0762c4b27b495379f198bfbbfa496464b6f90","bytes":100055,"detectedFormat":"jpeg","encodedWidth":1057,"encodedHeight":1057,"displayWidth":1057,"displayHeight":1057,"hasAlpha":false,"orientation":null,"orientationApplied":false},"metadata":{"mode":"privacySafe","exif":"stripped","gps":"stripped","xmp":"stripped","comments":"stripped","unknownAncillary":"stripped","artifactIccPolicy":"preserve-if-safe","placeholderIccPolicy":"strip"},"artifacts":[{"id":"320/webp","path":"image-320.webp","format":"webp","width":320,"height":320,"bytes":12746,"quality":80,"iccOutcome":"absent","sha256":"44bcba6e698bc2bd0c3b93e2a43cbe66561ed900031d7caed24a1cdc2af80c1e"},{"id":"640/webp","path":"image-640.webp","format":"webp","width":640,"height":640,"bytes":35890,"quality":80,"iccOutcome":"absent","sha256":"01e51d72c685e64dc3d2d4c9969551a7ae059d609c4836a7a91e5bac86971e4c"}],"delivery":{"srcsets":[{"format":"webp","value":"image-320.webp 320w, image-640.webp 640w"}]},"cacheKey":"82545d48fe01a49508944cf5d9194d6b1ce07a05fb042e16c5dca06322c11d28"}
registry-native-smoke: PASS win32-x64-msvc v24.21.0
