10.9.8

added 2 packages in 722ms
{
  "shasum": "3ef5c99c92954339786a3dddc8e27a644df28888",
  "tarball": "https://registry.npmjs.org/@alberteinshutoin/lazy-image/-/lazy-image-1.4.1.tgz",
  "fileCount": 15,
  "integrity": "sha512-T7g4MRgf/+C5EJNVH5McJrat9TSbVU9q5UHngUgANdj5gUx0VC46htJuQ6N1yidpG/bYsyIvlcv3wRXhPG8p3g==",
  "signatures": [
    {
      "sig": "MEQCIAlJtjuXN2aUhwILTbCZKRmf3KcQY+eyLOrs6FRibQr2AiBAX7UWalo7IZkf2ITrxJsm2mLJbShejm6tx4moaGMVKg==",
      "keyid": "SHA256:DhQ8wR5APBvFHLF/+Tc+AYvPOdTpcIDqOhxsBHRwC7U"
    },
    {
      "keyid": "SHA256:DhQ8wR5APBvFHLF/+Tc+AYvPOdTpcIDqOhxsBHRwC7U",
      "sig": "MEQCIFDU++OWGF11H9UND10h7LbwTN0a6n10crgVqroLqr+bAiA/3nKhba+GXhVoSFuzK5CuJvVXASRBH8uvnOglaF9+iA=="
    }
  ],
  "attestations": {
    "url": "https://registry.npmjs.org/-/npm/v1/attestations/@alberteinshutoin%2flazy-image@1.4.1",
    "provenance": {
      "predicateType": "https://slsa.dev/provenance/v1"
    }
  },
  "unpackedSize": 224141
}
{
  "shasum": "e08592a81c7d4f5cdebbda5addd5a32c3c9676cd",
  "tarball": "https://registry.npmjs.org/@alberteinshutoin/lazy-image-darwin-arm64/-/lazy-image-darwin-arm64-1.4.1.tgz",
  "fileCount": 2,
  "integrity": "sha512-Kw6DlO5Tz8NA1HqXDtOJ2sSViVEorzZTtmr4UH2B2LyaxYNUoxa5+h0rOjszf97/DvA0It8zFMZjuJARrZs/Ug==",
  "signatures": [
    {
      "sig": "MEYCIQD1fg/uqDpdD4ou9o8HZA7Kldj/8R5zSMLCBVP+x1+V4AIhAOU9hhhk/IxLE3sgV7kvamBxANdtwFck6bs2+CBgcSJy",
      "keyid": "SHA256:DhQ8wR5APBvFHLF/+Tc+AYvPOdTpcIDqOhxsBHRwC7U"
    },
    {
      "keyid": "SHA256:DhQ8wR5APBvFHLF/+Tc+AYvPOdTpcIDqOhxsBHRwC7U",
      "sig": "MEUCIQCIiDlfv+HKiJxrkliwXE8KCZNJGhwDdGI7bw8ftAXlMAIgYeHJVkVvkc+nYov06QJX1KoxXIVCOFisglR2Iz0rqOo="
    }
  ],
  "attestations": {
    "url": "https://registry.npmjs.org/-/npm/v1/attestations/@alberteinshutoin%2flazy-image-darwin-arm64@1.4.1",
    "provenance": {
      "predicateType": "https://slsa.dev/provenance/v1"
    }
  },
  "unpackedSize": 8080500
}
{"schemaVersion":1,"compiler":{"name":"@alberteinshutoin/lazy-image","version":"1.4.1","platform":"darwin","arch":"arm64","fingerprint":"f7d80172b2a383425a951bd9acd67a7248a2e09a5d3147a36ac199c6337c4d6c"},"policy":{"preset":"publicUpload","fingerprint":"7db6a8f434e6d7a3ddf10581f9ae7b664b78b2a5d0b9cf27d67b3631b7e7c9f8","widths":[320,640],"formats":["webp"],"placeholder":false},"source":{"sha256":"6dd5004e9cecaaff5a9b315410b0762c4b27b495379f198bfbbfa496464b6f90","bytes":100055,"detectedFormat":"jpeg","encodedWidth":1057,"encodedHeight":1057,"displayWidth":1057,"displayHeight":1057,"hasAlpha":false,"orientation":null,"orientationApplied":false},"metadata":{"mode":"privacySafe","exif":"stripped","gps":"stripped","xmp":"stripped","comments":"stripped","unknownAncillary":"stripped","artifactIccPolicy":"preserve-if-safe","placeholderIccPolicy":"strip"},"artifacts":[{"id":"320/webp","path":"image-320.webp","format":"webp","width":320,"height":320,"bytes":12746,"quality":80,"iccOutcome":"absent","sha256":"44bcba6e698bc2bd0c3b93e2a43cbe66561ed900031d7caed24a1cdc2af80c1e"},{"id":"640/webp","path":"image-640.webp","format":"webp","width":640,"height":640,"bytes":35890,"quality":80,"iccOutcome":"absent","sha256":"01e51d72c685e64dc3d2d4c9969551a7ae059d609c4836a7a91e5bac86971e4c"}],"delivery":{"srcsets":[{"format":"webp","value":"image-320.webp 320w, image-640.webp 640w"}]},"cacheKey":"15c907a927a029085fb69b8e9d5eb2768f195b97097a7f19de4d2a084728bf56"}
registry-native-smoke: PASS darwin-arm64 v22.23.2
