10.9.8

added 2 packages in 1s
{
  "shasum": "14d38d58b28bbb7177b42671568cbffb7e4d3618",
  "tarball": "https://registry.npmjs.org/@alberteinshutoin/lazy-image/-/lazy-image-1.4.2.tgz",
  "fileCount": 15,
  "integrity": "sha512-dAG+fGrSPw9rgik6UpQmbeUhyamqcepzrIc2Ys5Xsx3riV4oguwfROUPnvOPBrom45jT1xfc1GlL6Cw9VA2Tvg==",
  "signatures": [
    {
      "sig": "MEQCIB9gk0twEqKoJ5d11adtOEPHfNY/LEpH7INPuqDizlQrAiBjnUnULyoAD6vux3T9/QWoL1Ja1ETUvGH56j0bATarCA==",
      "keyid": "SHA256:DhQ8wR5APBvFHLF/+Tc+AYvPOdTpcIDqOhxsBHRwC7U"
    },
    {
      "keyid": "SHA256:DhQ8wR5APBvFHLF/+Tc+AYvPOdTpcIDqOhxsBHRwC7U",
      "sig": "MEQCIDTn0/NGg2v+IN9lsrlSTnEV5eN3JhGeydRw15HojPQqAiA1FV/ddJt9Cr/C6S1HphobixAxrsY9eskXAGy15ipalg=="
    }
  ],
  "attestations": {
    "url": "https://registry.npmjs.org/-/npm/v1/attestations/@alberteinshutoin%2flazy-image@1.4.2",
    "provenance": {
      "predicateType": "https://slsa.dev/provenance/v1"
    }
  },
  "unpackedSize": 229896
}
{
  "shasum": "95cf3f5545c964444122b224f9af8317ad78233a",
  "tarball": "https://registry.npmjs.org/@alberteinshutoin/lazy-image-darwin-arm64/-/lazy-image-darwin-arm64-1.4.2.tgz",
  "fileCount": 2,
  "integrity": "sha512-9iuVJhtIU4rU6XpY0FfTOpklJaS4uD00yXsUZnkdzBZPPidYh7o0WdCK8pzkOcFpSDl4HEkiGkGeJx+gMG/R6g==",
  "signatures": [
    {
      "sig": "MEQCIAqmLBRk/bZG6KCHoCanmQZ7muyhBA/yr4NND1ojy4ixAiAdogXcftH1Gt7o5YZu6VgAhg+zC4qHbwmD61MisBBhyw==",
      "keyid": "SHA256:DhQ8wR5APBvFHLF/+Tc+AYvPOdTpcIDqOhxsBHRwC7U"
    },
    {
      "keyid": "SHA256:DhQ8wR5APBvFHLF/+Tc+AYvPOdTpcIDqOhxsBHRwC7U",
      "sig": "MEYCIQD2FPgsFTBA7LHONxIJy3JmLNEXjiE/EZrYHh+U2kYtuAIhAMcq9WxYUJ0jZvygxN/oCSgRwgtu4KLbptEZUIz63oQU"
    }
  ],
  "attestations": {
    "url": "https://registry.npmjs.org/-/npm/v1/attestations/@alberteinshutoin%2flazy-image-darwin-arm64@1.4.2",
    "provenance": {
      "predicateType": "https://slsa.dev/provenance/v1"
    }
  },
  "unpackedSize": 8080500
}
{"schemaVersion":1,"compiler":{"name":"@alberteinshutoin/lazy-image","version":"1.4.2","platform":"darwin","arch":"arm64","fingerprint":"a977fc258a2596a26fc8434eb065b4a5655e1f7c20a1403559c1d8601bf6c3ca"},"policy":{"preset":"publicUpload","fingerprint":"7db6a8f434e6d7a3ddf10581f9ae7b664b78b2a5d0b9cf27d67b3631b7e7c9f8","widths":[320,640],"formats":["webp"],"placeholder":false},"source":{"sha256":"6dd5004e9cecaaff5a9b315410b0762c4b27b495379f198bfbbfa496464b6f90","bytes":100055,"detectedFormat":"jpeg","encodedWidth":1057,"encodedHeight":1057,"displayWidth":1057,"displayHeight":1057,"hasAlpha":false,"orientation":null,"orientationApplied":false},"metadata":{"mode":"privacySafe","exif":"stripped","gps":"stripped","xmp":"stripped","comments":"stripped","unknownAncillary":"stripped","artifactIccPolicy":"preserve-if-safe","placeholderIccPolicy":"strip"},"artifacts":[{"id":"320/webp","path":"image-320.webp","format":"webp","width":320,"height":320,"bytes":12746,"quality":80,"iccOutcome":"absent","sha256":"44bcba6e698bc2bd0c3b93e2a43cbe66561ed900031d7caed24a1cdc2af80c1e"},{"id":"640/webp","path":"image-640.webp","format":"webp","width":640,"height":640,"bytes":35890,"quality":80,"iccOutcome":"absent","sha256":"01e51d72c685e64dc3d2d4c9969551a7ae059d609c4836a7a91e5bac86971e4c"}],"delivery":{"srcsets":[{"format":"webp","value":"image-320.webp 320w, image-640.webp 640w"}]},"cacheKey":"66080f4d309d096d26f05ef8e5f7458d1fd2dea17fc466f538a53b272a5124c2"}
registry-native-smoke: PASS darwin-arm64 v22.23.2
