11.17.0

added 2 packages in 1s
{
  "shasum": "3ef5c99c92954339786a3dddc8e27a644df28888",
  "tarball": "https://registry.npmjs.org/@alberteinshutoin/lazy-image/-/lazy-image-1.4.1.tgz",
  "fileCount": 15,
  "integrity": "sha512-T7g4MRgf/+C5EJNVH5McJrat9TSbVU9q5UHngUgANdj5gUx0VC46htJuQ6N1yidpG/bYsyIvlcv3wRXhPG8p3g==",
  "signatures": [
    {
      "sig": "MEQCIAlJtjuXN2aUhwILTbCZKRmf3KcQY+eyLOrs6FRibQr2AiBAX7UWalo7IZkf2ITrxJsm2mLJbShejm6tx4moaGMVKg==",
      "keyid": "SHA256:DhQ8wR5APBvFHLF/+Tc+AYvPOdTpcIDqOhxsBHRwC7U"
    },
    {
      "keyid": "SHA256:DhQ8wR5APBvFHLF/+Tc+AYvPOdTpcIDqOhxsBHRwC7U",
      "sig": "MEQCIFDU++OWGF11H9UND10h7LbwTN0a6n10crgVqroLqr+bAiA/3nKhba+GXhVoSFuzK5CuJvVXASRBH8uvnOglaF9+iA=="
    }
  ],
  "attestations": {
    "url": "https://registry.npmjs.org/-/npm/v1/attestations/@alberteinshutoin%2flazy-image@1.4.1",
    "provenance": {
      "predicateType": "https://slsa.dev/provenance/v1"
    }
  },
  "unpackedSize": 224141
}
{
  "shasum": "62ed856419ed85c8def1a79e0114704e55649270",
  "tarball": "https://registry.npmjs.org/@alberteinshutoin/lazy-image-darwin-x64/-/lazy-image-darwin-x64-1.4.1.tgz",
  "fileCount": 2,
  "integrity": "sha512-eOnW3wleo6Ek98YCjiCFvD5uqVndjU5HcuUM5FBDAmjJWmdjPSGvdpkenwAQaDHDC0zkMZ8YeSHP/7OnTD3KaQ==",
  "signatures": [
    {
      "sig": "MEUCIQCxqt0dPKnS2nWB5aNM2f0xrzBGMQu2bieVNwh6A81WogIgG0P/szguZtpVp34yacIsA8M/nxwoN7DPDcLGaFhaMIs=",
      "keyid": "SHA256:DhQ8wR5APBvFHLF/+Tc+AYvPOdTpcIDqOhxsBHRwC7U"
    },
    {
      "keyid": "SHA256:DhQ8wR5APBvFHLF/+Tc+AYvPOdTpcIDqOhxsBHRwC7U",
      "sig": "MEUCIQD62BISisdxuKkkX/Yr77VLC3+8fna9LVEKitxky905gQIgEFBEUKpuGyY0u1sGYek7A1ec7pHF1EIyDaYSChrg1O0="
    }
  ],
  "attestations": {
    "url": "https://registry.npmjs.org/-/npm/v1/attestations/@alberteinshutoin%2flazy-image-darwin-x64@1.4.1",
    "provenance": {
      "predicateType": "https://slsa.dev/provenance/v1"
    }
  },
  "unpackedSize": 12337892
}
{"schemaVersion":1,"compiler":{"name":"@alberteinshutoin/lazy-image","version":"1.4.1","platform":"darwin","arch":"x64","fingerprint":"a060653cb11bea5ccaf56adbb4557fbb8230c2caf49b0cc984b577c29ddc2bc5"},"policy":{"preset":"publicUpload","fingerprint":"7db6a8f434e6d7a3ddf10581f9ae7b664b78b2a5d0b9cf27d67b3631b7e7c9f8","widths":[320,640],"formats":["webp"],"placeholder":false},"source":{"sha256":"6dd5004e9cecaaff5a9b315410b0762c4b27b495379f198bfbbfa496464b6f90","bytes":100055,"detectedFormat":"jpeg","encodedWidth":1057,"encodedHeight":1057,"displayWidth":1057,"displayHeight":1057,"hasAlpha":false,"orientation":null,"orientationApplied":false},"metadata":{"mode":"privacySafe","exif":"stripped","gps":"stripped","xmp":"stripped","comments":"stripped","unknownAncillary":"stripped","artifactIccPolicy":"preserve-if-safe","placeholderIccPolicy":"strip"},"artifacts":[{"id":"320/webp","path":"image-320.webp","format":"webp","width":320,"height":320,"bytes":12746,"quality":80,"iccOutcome":"absent","sha256":"44bcba6e698bc2bd0c3b93e2a43cbe66561ed900031d7caed24a1cdc2af80c1e"},{"id":"640/webp","path":"image-640.webp","format":"webp","width":640,"height":640,"bytes":35890,"quality":80,"iccOutcome":"absent","sha256":"01e51d72c685e64dc3d2d4c9969551a7ae059d609c4836a7a91e5bac86971e4c"}],"delivery":{"srcsets":[{"format":"webp","value":"image-320.webp 320w, image-640.webp 640w"}]},"cacheKey":"0d605c8c7774fdf475d4793913f7b84f43384d146c28d64437f0d2087665594b"}
registry-native-smoke: PASS darwin-x64 v24.19.0
